// Jest Snapshot v1, https://goo.gl/fbAQLP

exports[`should match the snapshot 1`] = `
ShallowWrapper {
  "length": 1,
  Symbol(enzyme.__root__): [Circular],
  Symbol(enzyme.__unrendered__): <Card
    data={
        Array [
            Object {
              "homeworld": undefined,
              "name": "Beru Whitesun lars",
              "population": undefined,
              "species": undefined,
            },
          ]
    }
/>,
  Symbol(enzyme.__renderer__): Object {
    "batchedUpdates": [Function],
    "getNode": [Function],
    "render": [Function],
    "simulateEvent": [Function],
    "unmount": [Function],
  },
  Symbol(enzyme.__node__): Object {
    "instance": null,
    "key": undefined,
    "nodeType": "host",
    "props": Object {
      "children": Array [
        <button
          onClick={[Function]}
>
          Favorite
</button>,
        <h3>
          <h3
                    className="title"
          >
                    0
          </h3>
</h3>,
        <h3>
          <h3
                    className="value"
          >
                    Object {
                              "homeworld": undefined,
                              "name": "Beru Whitesun lars",
                              "population": undefined,
                              "species": undefined,
                            }
          </h3>
</h3>,
      ],
      "className": "card",
    },
    "ref": null,
    "rendered": Array [
      Object {
        "instance": null,
        "key": undefined,
        "nodeType": "host",
        "props": Object {
          "children": "Favorite",
          "onClick": [Function],
        },
        "ref": null,
        "rendered": "Favorite",
        "type": "button",
      },
      Object {
        "instance": null,
        "key": undefined,
        "nodeType": "host",
        "props": Object {
          "children": Array [
            <h3
              className="title"
>
              0
</h3>,
          ],
        },
        "ref": null,
        "rendered": Array [
          Object {
            "instance": null,
            "key": "0",
            "nodeType": "host",
            "props": Object {
              "children": "0",
              "className": "title",
            },
            "ref": null,
            "rendered": "0",
            "type": "h3",
          },
        ],
        "type": "h3",
      },
      Object {
        "instance": null,
        "key": undefined,
        "nodeType": "host",
        "props": Object {
          "children": Array [
            <h3
              className="value"
>
              Object {
                            "homeworld": undefined,
                            "name": "Beru Whitesun lars",
                            "population": undefined,
                            "species": undefined,
                          }
</h3>,
          ],
        },
        "ref": null,
        "rendered": Array [
          Object {
            "instance": null,
            "key": "0",
            "nodeType": "host",
            "props": Object {
              "children": Object {
                "homeworld": undefined,
                "name": "Beru Whitesun lars",
                "population": undefined,
                "species": undefined,
              },
              "className": "value",
            },
            "ref": null,
            "rendered": Object {
              "homeworld": undefined,
              "name": "Beru Whitesun lars",
              "population": undefined,
              "species": undefined,
            },
            "type": "h3",
          },
        ],
        "type": "h3",
      },
    ],
    "type": "article",
  },
  Symbol(enzyme.__nodes__): Array [
    Object {
      "instance": null,
      "key": undefined,
      "nodeType": "host",
      "props": Object {
        "children": Array [
          <button
            onClick={[Function]}
>
            Favorite
</button>,
          <h3>
            <h3
                        className="title"
            >
                        0
            </h3>
</h3>,
          <h3>
            <h3
                        className="value"
            >
                        Object {
                                    "homeworld": undefined,
                                    "name": "Beru Whitesun lars",
                                    "population": undefined,
                                    "species": undefined,
                                  }
            </h3>
</h3>,
        ],
        "className": "card",
      },
      "ref": null,
      "rendered": Array [
        Object {
          "instance": null,
          "key": undefined,
          "nodeType": "host",
          "props": Object {
            "children": "Favorite",
            "onClick": [Function],
          },
          "ref": null,
          "rendered": "Favorite",
          "type": "button",
        },
        Object {
          "instance": null,
          "key": undefined,
          "nodeType": "host",
          "props": Object {
            "children": Array [
              <h3
                className="title"
>
                0
</h3>,
            ],
          },
          "ref": null,
          "rendered": Array [
            Object {
              "instance": null,
              "key": "0",
              "nodeType": "host",
              "props": Object {
                "children": "0",
                "className": "title",
              },
              "ref": null,
              "rendered": "0",
              "type": "h3",
            },
          ],
          "type": "h3",
        },
        Object {
          "instance": null,
          "key": undefined,
          "nodeType": "host",
          "props": Object {
            "children": Array [
              <h3
                className="value"
>
                Object {
                                "homeworld": undefined,
                                "name": "Beru Whitesun lars",
                                "population": undefined,
                                "species": undefined,
                              }
</h3>,
            ],
          },
          "ref": null,
          "rendered": Array [
            Object {
              "instance": null,
              "key": "0",
              "nodeType": "host",
              "props": Object {
                "children": Object {
                  "homeworld": undefined,
                  "name": "Beru Whitesun lars",
                  "population": undefined,
                  "species": undefined,
                },
                "className": "value",
              },
              "ref": null,
              "rendered": Object {
                "homeworld": undefined,
                "name": "Beru Whitesun lars",
                "population": undefined,
                "species": undefined,
              },
              "type": "h3",
            },
          ],
          "type": "h3",
        },
      ],
      "type": "article",
    },
  ],
  Symbol(enzyme.__options__): Object {
    "adapter": ReactSixteenAdapter {
      "options": Object {
        "enableComponentDidUpdateOnSetState": true,
      },
    },
  },
}
`;
